[dotenv@17.3.1] injecting env (3) from .env -- tip: ΓÜÖ∩╕Å  specify custom .env file path with { path: '/custom/path/.env' }

Running 2 tests using 1 worker

[1A[2K[dotenv@17.3.1] injecting env (0) from .env -- tip: ΓÜí∩╕Å secrets for agents: https://dotenvx.com/as2

[1A[2K[1/2] [setup] ΓÇ║ tests\auth.setup.js:7:6 ΓÇ║ MFA Setup for Github
[1A[2K[setup] ΓÇ║ tests\auth.setup.js:7:6 ΓÇ║ MFA Setup for Github
Generated MFA Code: 023231

[1A[2K[dotenv@17.3.1] injecting env (0) from .env -- tip: ≡ƒ¢í∩╕Å auth for agents: https://vestauth.com

[1A[2K[2/2] [chromium] ΓÇ║ tests\user.spec.js:6:5 ΓÇ║ user test spec
[1A[2K  1) [chromium] ΓÇ║ tests\user.spec.js:6:5 ΓÇ║ user test spec ΓöÇΓöÇΓöÇΓöÇΓöÇΓöÇΓöÇΓöÇΓöÇΓöÇΓöÇΓöÇΓöÇΓöÇΓöÇΓöÇΓöÇΓöÇΓöÇΓöÇΓöÇΓöÇΓöÇΓöÇΓöÇΓöÇΓöÇΓöÇΓöÇΓöÇΓöÇΓöÇΓöÇΓöÇΓöÇΓöÇΓöÇΓöÇΓöÇΓöÇΓöÇΓöÇ

    Error: [2mexpect([22m[31mlocator[39m[2m).[22mtoBeVisible[2m([22m[2m)[22m failed

    Locator: locator('img.avatar.circle')
    Expected: visible
    Timeout: 5000ms
    Error: element(s) not found

    Call log:
    [2m  - Expect "toBeVisible" with timeout 5000ms[22m
    [2m  - waiting for locator('img.avatar.circle')[22m


      11 |     const avatarButton = page.locator('img.avatar.circle');
      12 |
    > 13 |     await expect(avatarButton).toBeVisible();
         |                                ^
      14 | })
        at D:\LatestCode\playwright-auth0-handler\playwright-auth0-handler\tests\user.spec.js:13:32

    Error Context: test-results\user-user-test-spec-chromium\error-context.md


[1A[2K  1 failed
    [chromium] ΓÇ║ tests\user.spec.js:6:5 ΓÇ║ user test spec ΓöÇΓöÇΓöÇΓöÇΓöÇΓöÇΓöÇΓöÇΓöÇΓöÇΓöÇΓöÇΓöÇΓöÇΓöÇΓöÇΓöÇΓöÇΓöÇΓöÇΓöÇΓöÇΓöÇΓöÇΓöÇΓöÇΓöÇΓöÇΓöÇΓöÇΓöÇΓöÇΓöÇΓöÇΓöÇΓöÇΓöÇΓöÇΓöÇΓöÇΓöÇΓöÇΓöÇ
  1 passed (14.6s)

[36m  Serving HTML report at http://localhost:53313. Press Ctrl+C to quit.[39m
